
*** Running vivado
    with args -log cpu.vdi -applog -m64 -product Vivado -messageDb vivado.pb -mode batch -source cpu.tcl -notrace


****** Vivado v2025.1 (64-bit)
  **** SW Build 6140274 on Wed May 21 22:58:25 MDT 2025
  **** IP Build 6138677 on Thu May 22 03:10:11 MDT 2025
  **** SharedData Build 6139179 on Tue May 20 17:58:58 MDT 2025
  **** Start of session at: Tue Apr 14 03:04:35 2026
    ** Copyright 1986-2022 Xilinx, Inc. All Rights Reserved.
    ** Copyright 2022-2025 Advanced Micro Devices, Inc. All Rights Reserved.

source cpu.tcl -notrace
Command: link_design -top cpu -part xc7a100tcsg324-1
Design is defaulting to srcset: sources_1
Design is defaulting to constrset: constrs_1
INFO: [Device 21-403] Loading part xc7a100tcsg324-1
Netlist sorting complete. Time (s): cpu = 00:00:00.01 ; elapsed = 00:00:00.01 . Memory (MB): peak = 2016.023 ; gain = 0.000 ; free physical = 8230 ; free virtual = 20866
INFO: [Netlist 29-17] Analyzing 250 Unisim elements for replacement
INFO: [Netlist 29-28] Unisim Transformation completed in 0 CPU seconds
INFO: [Project 1-479] Netlist was created with Vivado 2025.1
INFO: [Project 1-570] Preparing netlist for logic optimization
Parsing XDC File [/nfs/home/d/di_sinh/COEN316/Lab4/lab4_vivado/lab4_vivado.srcs/constrs_1/imports/Code/cpu.xdc]
Finished Parsing XDC File [/nfs/home/d/di_sinh/COEN316/Lab4/lab4_vivado/lab4_vivado.srcs/constrs_1/imports/Code/cpu.xdc]
INFO: [Opt 31-138] Pushed 0 inverter(s) to 0 load pin(s).
Netlist sorting complete. Time (s): cpu = 00:00:00 ; elapsed = 00:00:00 . Memory (MB): peak = 2193.660 ; gain = 0.000 ; free physical = 8135 ; free virtual = 20771
INFO: [Project 1-111] Unisim Transformation Summary:
No Unisim elements were transformed.

7 Infos, 0 Warnings, 0 Critical Warnings and 0 Errors encountered.
link_design completed successfully
link_design: Time (s): cpu = 00:00:03 ; elapsed = 00:00:08 . Memory (MB): peak = 2196.664 ; gain = 357.539 ; free physical = 8130 ; free virtual = 20766
Command: opt_design
Attempting to get a license for feature 'Implementation' and/or device 'xc7a100t'
INFO: [Common 17-349] Got license for feature 'Implementation' and/or device 'xc7a100t'
Running DRC as a precondition to command opt_design

Starting DRC Task
INFO: [DRC 23-27] Running DRC with 8 threads
INFO: [Project 1-461] DRC finished with 0 Errors
INFO: [Project 1-462] Please refer to the DRC report (report_drc) for more information.

Time (s): cpu = 00:00:00.82 ; elapsed = 00:00:00.43 . Memory (MB): peak = 2290.816 ; gain = 94.152 ; free physical = 8014 ; free virtual = 20650

Starting Cache Timing Information Task
INFO: [Timing 38-35] Done setting XDC timing constraints.
Ending Cache Timing Information Task | Checksum: 1c9dd60ea

Time (s): cpu = 00:00:03 ; elapsed = 00:00:04 . Memory (MB): peak = 2740.738 ; gain = 449.922 ; free physical = 7654 ; free virtual = 20290

Starting Logic Optimization Task

Phase 1 Initialization

Phase 1.1 Core Generation And Design Setup
Phase 1.1 Core Generation And Design Setup | Checksum: 1c9dd60ea

Time (s): cpu = 00:00:00 ; elapsed = 00:00:00 . Memory (MB): peak = 3094.574 ; gain = 0.000 ; free physical = 7299 ; free virtual = 19935

Phase 1.2 Setup Constraints And Sort Netlist
Phase 1.2 Setup Constraints And Sort Netlist | Checksum: 1c9dd60ea

Time (s): cpu = 00:00:00 ; elapsed = 00:00:00 . Memory (MB): peak = 3094.574 ; gain = 0.000 ; free physical = 7299 ; free virtual = 19935
Phase 1 Initialization | Checksum: 1c9dd60ea

Time (s): cpu = 00:00:00 ; elapsed = 00:00:00.01 . Memory (MB): peak = 3094.574 ; gain = 0.000 ; free physical = 7299 ; free virtual = 19935

Phase 2 Timer Update And Timing Data Collection

Phase 2.1 Timer Update
Phase 2.1 Timer Update | Checksum: 1c9dd60ea

Time (s): cpu = 00:00:00.03 ; elapsed = 00:00:00.02 . Memory (MB): peak = 3094.574 ; gain = 0.000 ; free physical = 7299 ; free virtual = 19935

Phase 2.2 Timing Data Collection
Phase 2.2 Timing Data Collection | Checksum: 1c9dd60ea

Time (s): cpu = 00:00:00.03 ; elapsed = 00:00:00.02 . Memory (MB): peak = 3094.574 ; gain = 0.000 ; free physical = 7299 ; free virtual = 19935
Phase 2 Timer Update And Timing Data Collection | Checksum: 1c9dd60ea

Time (s): cpu = 00:00:00.03 ; elapsed = 00:00:00.02 . Memory (MB): peak = 3094.574 ; gain = 0.000 ; free physical = 7299 ; free virtual = 19935

Phase 3 Retarget
INFO: [Opt 31-1851] Number of loadless carry chains removed were: 0
INFO: [Opt 31-1834] Total Chains To Be Transformed Were: 0 AND Number of Transformed insts Created are: 0
INFO: [Opt 31-1566] Pulled 1 inverters resulting in an inversion of 2 pins
INFO: [Opt 31-138] Pushed 0 inverter(s) to 0 load pin(s).
INFO: [Opt 31-49] Retargeted 0 cell(s).
Phase 3 Retarget | Checksum: 229b7500c

Time (s): cpu = 00:00:00.14 ; elapsed = 00:00:00.05 . Memory (MB): peak = 3094.574 ; gain = 0.000 ; free physical = 7299 ; free virtual = 19935
Retarget | Checksum: 229b7500c
INFO: [Opt 31-389] Phase Retarget created 33 cells and removed 34 cells

Phase 4 Constant propagation
INFO: [Opt 31-138] Pushed 0 inverter(s) to 0 load pin(s).
Phase 4 Constant propagation | Checksum: 229b7500c

Time (s): cpu = 00:00:00.19 ; elapsed = 00:00:00.06 . Memory (MB): peak = 3094.574 ; gain = 0.000 ; free physical = 7299 ; free virtual = 19935
Constant propagation | Checksum: 229b7500c
INFO: [Opt 31-389] Phase Constant propagation created 0 cells and removed 0 cells

Phase 5 Sweep
INFO: [Constraints 18-11670] Building netlist checker database with flags, 0x8
Done building netlist checker database: Time (s): cpu = 00:00:00 ; elapsed = 00:00:00 . Memory (MB): peak = 3094.574 ; gain = 0.000 ; free physical = 7299 ; free virtual = 19935
Phase 5 Sweep | Checksum: 2633c461d

Time (s): cpu = 00:00:00.2 ; elapsed = 00:00:00.06 . Memory (MB): peak = 3094.574 ; gain = 0.000 ; free physical = 7299 ; free virtual = 19935
Sweep | Checksum: 2633c461d
INFO: [Opt 31-389] Phase Sweep created 0 cells and removed 1 cells

Phase 6 BUFG optimization
Phase 6 BUFG optimization | Checksum: 2633c461d

Time (s): cpu = 00:00:00.21 ; elapsed = 00:00:00.08 . Memory (MB): peak = 3126.590 ; gain = 32.016 ; free physical = 7299 ; free virtual = 19935
BUFG optimization | Checksum: 2633c461d
INFO: [Opt 31-662] Phase BUFG optimization created 0 cells of which 0 are BUFGs and removed 0 cells.

Phase 7 Shift Register Optimization
INFO: [Opt 31-1064] SRL Remap converted 0 SRLs to 0 registers and converted 0 registers of register chains to 0 SRLs
Phase 7 Shift Register Optimization | Checksum: 2633c461d

Time (s): cpu = 00:00:00.21 ; elapsed = 00:00:00.08 . Memory (MB): peak = 3126.590 ; gain = 32.016 ; free physical = 7299 ; free virtual = 19935
Shift Register Optimization | Checksum: 2633c461d
INFO: [Opt 31-389] Phase Shift Register Optimization created 0 cells and removed 0 cells

Phase 8 Post Processing Netlist
Phase 8 Post Processing Netlist | Checksum: 2633c461d

Time (s): cpu = 00:00:00.22 ; elapsed = 00:00:00.08 . Memory (MB): peak = 3126.590 ; gain = 32.016 ; free physical = 7299 ; free virtual = 19935
Post Processing Netlist | Checksum: 2633c461d
INFO: [Opt 31-389] Phase Post Processing Netlist created 0 cells and removed 0 cells

Phase 9 Finalization

Phase 9.1 Finalizing Design Cores and Updating Shapes
Phase 9.1 Finalizing Design Cores and Updating Shapes | Checksum: 1ec2a5a68

Time (s): cpu = 00:00:00.22 ; elapsed = 00:00:00.09 . Memory (MB): peak = 3126.590 ; gain = 32.016 ; free physical = 7299 ; free virtual = 19935

Phase 9.2 Verifying Netlist Connectivity

Starting Connectivity Check Task

Time (s): cpu = 00:00:00 ; elapsed = 00:00:00.01 . Memory (MB): peak = 3126.590 ; gain = 0.000 ; free physical = 7299 ; free virtual = 19935
Phase 9.2 Verifying Netlist Connectivity | Checksum: 1ec2a5a68

Time (s): cpu = 00:00:00.22 ; elapsed = 00:00:00.1 . Memory (MB): peak = 3126.590 ; gain = 32.016 ; free physical = 7299 ; free virtual = 19935
Phase 9 Finalization | Checksum: 1ec2a5a68

Time (s): cpu = 00:00:00.23 ; elapsed = 00:00:00.1 . Memory (MB): peak = 3126.590 ; gain = 32.016 ; free physical = 7299 ; free virtual = 19935
Opt_design Change Summary
=========================


-------------------------------------------------------------------------------------------------------------------------
|  Phase                        |  #Cells created  |  #Cells Removed  |  #Constrained objects preventing optimizations  |
-------------------------------------------------------------------------------------------------------------------------
|  Retarget                     |              33  |              34  |                                              0  |
|  Constant propagation         |               0  |               0  |                                              0  |
|  Sweep                        |               0  |               1  |                                              0  |
|  BUFG optimization            |               0  |               0  |                                              0  |
|  Shift Register Optimization  |               0  |               0  |                                              0  |
|  Post Processing Netlist      |               0  |               0  |                                              0  |
-------------------------------------------------------------------------------------------------------------------------


Ending Logic Optimization Task | Checksum: 1ec2a5a68

Time (s): cpu = 00:00:00.23 ; elapsed = 00:00:00.11 . Memory (MB): peak = 3126.590 ; gain = 32.016 ; free physical = 7299 ; free virtual = 19935

Starting Power Optimization Task
INFO: [Pwropt 34-132] Skipping clock gating for clocks with a period < 2.00 ns.
Ending Power Optimization Task | Checksum: 1ec2a5a68

Time (s): cpu = 00:00:00 ; elapsed = 00:00:00.01 . Memory (MB): peak = 3126.590 ; gain = 0.000 ; free physical = 7299 ; free virtual = 19935

Starting Final Cleanup Task
Ending Final Cleanup Task | Checksum: 1ec2a5a68

Time (s): cpu = 00:00:00 ; elapsed = 00:00:00 . Memory (MB): peak = 3126.590 ; gain = 0.000 ; free physical = 7299 ; free virtual = 19935

Starting Netlist Obfuscation Task
Netlist sorting complete. Time (s): cpu = 00:00:00 ; elapsed = 00:00:00 . Memory (MB): peak = 3126.590 ; gain = 0.000 ; free physical = 7299 ; free virtual = 19935
Ending Netlist Obfuscation Task | Checksum: 1ec2a5a68

Time (s): cpu = 00:00:00 ; elapsed = 00:00:00 . Memory (MB): peak = 3126.590 ; gain = 0.000 ; free physical = 7299 ; free virtual = 19935
INFO: [Common 17-83] Releasing license: Implementation
28 Infos, 0 Warnings, 0 Critical Warnings and 0 Errors encountered.
opt_design completed successfully
opt_design: Time (s): cpu = 00:00:06 ; elapsed = 00:00:06 . Memory (MB): peak = 3126.590 ; gain = 929.926 ; free physical = 7299 ; free virtual = 19935
INFO: [Vivado 12-24828] Executing command : report_drc -file cpu_drc_opted.rpt -pb cpu_drc_opted.pb -rpx cpu_drc_opted.rpx
Command: report_drc -file cpu_drc_opted.rpt -pb cpu_drc_opted.pb -rpx cpu_drc_opted.rpx
INFO: [IP_Flow 19-234] Refreshing IP repositories
INFO: [IP_Flow 19-1704] No user IP repositories specified
INFO: [IP_Flow 19-2313] Loaded Vivado IP repository '/CMC/tools/xilinx/Vitis_2025.1/2025.1/Vivado/data/ip'.
INFO: [DRC 23-27] Running DRC with 8 threads
INFO: [Vivado_Tcl 2-168] The results of DRC are in file /nfs/home/d/di_sinh/COEN316/Lab4/lab4_vivado/lab4_vivado.runs/impl_1/cpu_drc_opted.rpt.
report_drc completed successfully
INFO: [Timing 38-480] Writing timing data to binary archive.
Wrote PlaceDB: Time (s): cpu = 00:00:00.01 ; elapsed = 00:00:00 . Memory (MB): peak = 3126.590 ; gain = 0.000 ; free physical = 7262 ; free virtual = 19898
Write ShapeDB Complete: Time (s): cpu = 00:00:00.01 ; elapsed = 00:00:00 . Memory (MB): peak = 3126.590 ; gain = 0.000 ; free physical = 7262 ; free virtual = 19898
Wrote PulsedLatchDB: Time (s): cpu = 00:00:00 ; elapsed = 00:00:00 . Memory (MB): peak = 3126.590 ; gain = 0.000 ; free physical = 7262 ; free virtual = 19898
Writing XDEF routing.
Writing XDEF routing logical nets.
Writing XDEF routing special nets.
Wrote RouteStorage: Time (s): cpu = 00:00:00.03 ; elapsed = 00:00:00.01 . Memory (MB): peak = 3126.590 ; gain = 0.000 ; free physical = 7261 ; free virtual = 19897
Wrote Netlist Cache: Time (s): cpu = 00:00:00 ; elapsed = 00:00:00 . Memory (MB): peak = 3126.590 ; gain = 0.000 ; free physical = 7260 ; free virtual = 19897
Wrote Device Cache: Time (s): cpu = 00:00:00.01 ; elapsed = 00:00:00 . Memory (MB): peak = 3126.590 ; gain = 0.000 ; free physical = 7260 ; free virtual = 19896
Write Physdb Complete: Time (s): cpu = 00:00:00.11 ; elapsed = 00:00:00.09 . Memory (MB): peak = 3126.590 ; gain = 0.000 ; free physical = 7258 ; free virtual = 19895
INFO: [Common 17-1381] The checkpoint '/nfs/home/d/di_sinh/COEN316/Lab4/lab4_vivado/lab4_vivado.runs/impl_1/cpu_opt.dcp' has been generated.
Command: place_design
Attempting to get a license for feature 'Implementation' and/or device 'xc7a100t'
INFO: [Common 17-349] Got license for feature 'Implementation' and/or device 'xc7a100t'
INFO: [Common 17-83] Releasing license: Implementation
INFO: [DRC 23-27] Running DRC with 8 threads
INFO: [Vivado_Tcl 4-198] DRC finished with 0 Errors
INFO: [Vivado_Tcl 4-199] Please refer to the DRC report (report_drc) for more information.
Running DRC as a precondition to command place_design
INFO: [DRC 23-27] Running DRC with 8 threads
INFO: [Vivado_Tcl 4-198] DRC finished with 0 Errors
INFO: [Vivado_Tcl 4-199] Please refer to the DRC report (report_drc) for more information.
INFO: [Place 30-611] Multithreading enabled for place_design using a maximum of 8 CPUs

Starting Placer Task

Phase 1 Placer Initialization

Phase 1.1 Placer Initialization Netlist Sorting
Netlist sorting complete. Time (s): cpu = 00:00:00 ; elapsed = 00:00:00 . Memory (MB): peak = 3147.402 ; gain = 0.000 ; free physical = 7218 ; free virtual = 19855
Phase 1.1 Placer Initialization Netlist Sorting | Checksum: 1bc9225e8

Time (s): cpu = 00:00:00 ; elapsed = 00:00:00 . Memory (MB): peak = 3147.402 ; gain = 0.000 ; free physical = 7218 ; free virtual = 19855
Netlist sorting complete. Time (s): cpu = 00:00:00 ; elapsed = 00:00:00 . Memory (MB): peak = 3147.402 ; gain = 0.000 ; free physical = 7218 ; free virtual = 19855

Phase 1.2 IO Placement/ Clock Placement/ Build Placer Device
INFO: [Timing 38-35] Done setting XDC timing constraints.
WARNING: [Place 30-574] Poor placement for routing between an IO pin and BUFG. This is normally an ERROR but the CLOCK_DEDICATED_ROUTE constraint is set to FALSE allowing your design to continue. The use of this override is highly discouraged as it may lead to very poor timing results. It is recommended that this error condition be corrected in the design.

	clk_IBUF_inst (IBUF.O) is locked to IOB_X0Y82
	clk_IBUF_BUFG_inst (BUFG.I) is provisionally placed by clockplacer on BUFGCTRL_X0Y0
Resolution: Poor placement of an IO pin and a BUFG has resulted in the router using a non-dedicated path between the two.  There are several things that could trigger this DRC, each of which can cause unpredictable clock insertion delays that result in poor timing.  This DRC could be caused by any of the following: (a) a clock port was placed on a pin that is not a CCIO-pin (b)the BUFG has not been placed in the same half of the device or SLR as the CCIO-pin (c) a single ended clock has been placed on the N-Side of a differential pair CCIO-pin.
Phase 1.2 IO Placement/ Clock Placement/ Build Placer Device | Checksum: 25ec35895

Time (s): cpu = 00:00:00.58 ; elapsed = 00:00:00.17 . Memory (MB): peak = 3147.402 ; gain = 0.000 ; free physical = 7218 ; free virtual = 19855

Phase 1.3 Build Placer Netlist Model
Phase 1.3 Build Placer Netlist Model | Checksum: 324d8879d

Time (s): cpu = 00:00:00.76 ; elapsed = 00:00:00.22 . Memory (MB): peak = 3147.402 ; gain = 0.000 ; free physical = 7218 ; free virtual = 19855

Phase 1.4 Constrain Clocks/Macros
Phase 1.4 Constrain Clocks/Macros | Checksum: 324d8879d

Time (s): cpu = 00:00:00.77 ; elapsed = 00:00:00.22 . Memory (MB): peak = 3147.402 ; gain = 0.000 ; free physical = 7218 ; free virtual = 19855
Phase 1 Placer Initialization | Checksum: 324d8879d

Time (s): cpu = 00:00:00.77 ; elapsed = 00:00:00.23 . Memory (MB): peak = 3147.402 ; gain = 0.000 ; free physical = 7218 ; free virtual = 19855

Phase 2 Global Placement

Phase 2.1 Floorplanning
Phase 2.1 Floorplanning | Checksum: 324d8879d

Time (s): cpu = 00:00:00.78 ; elapsed = 00:00:00.23 . Memory (MB): peak = 3147.402 ; gain = 0.000 ; free physical = 7218 ; free virtual = 19855

Phase 2.2 Update Timing before SLR Path Opt
Phase 2.2 Update Timing before SLR Path Opt | Checksum: 324d8879d

Time (s): cpu = 00:00:00.78 ; elapsed = 00:00:00.23 . Memory (MB): peak = 3147.402 ; gain = 0.000 ; free physical = 7218 ; free virtual = 19855

Phase 2.3 Post-Processing in Floorplanning
Phase 2.3 Post-Processing in Floorplanning | Checksum: 324d8879d

Time (s): cpu = 00:00:00.78 ; elapsed = 00:00:00.23 . Memory (MB): peak = 3147.402 ; gain = 0.000 ; free physical = 7218 ; free virtual = 19855

Phase 2.4 Global Place Phase1
Phase 2.4 Global Place Phase1 | Checksum: 334df60d5

Time (s): cpu = 00:00:03 ; elapsed = 00:00:00.65 . Memory (MB): peak = 3179.418 ; gain = 32.016 ; free physical = 7228 ; free virtual = 19864

Phase 2.5 Global Place Phase2
WARNING: [Place 46-29] Timing had been disabled during Placer and, therefore, physical synthesis in Placer will be skipped.
Phase 2.5 Global Place Phase2 | Checksum: 2bea42ff3

Time (s): cpu = 00:00:03 ; elapsed = 00:00:00.71 . Memory (MB): peak = 3179.418 ; gain = 32.016 ; free physical = 7229 ; free virtual = 19865
Phase 2 Global Placement | Checksum: 2bea42ff3

Time (s): cpu = 00:00:03 ; elapsed = 00:00:00.71 . Memory (MB): peak = 3179.418 ; gain = 32.016 ; free physical = 7229 ; free virtual = 19865

Phase 3 Detail Placement

Phase 3.1 Commit Multi Column Macros
Phase 3.1 Commit Multi Column Macros | Checksum: 2bea42ff3

Time (s): cpu = 00:00:03 ; elapsed = 00:00:00.72 . Memory (MB): peak = 3179.418 ; gain = 32.016 ; free physical = 7229 ; free virtual = 19865

Phase 3.2 Commit Most Macros & LUTRAMs
Phase 3.2 Commit Most Macros & LUTRAMs | Checksum: 2a6e8f95a

Time (s): cpu = 00:00:03 ; elapsed = 00:00:00.73 . Memory (MB): peak = 3179.418 ; gain = 32.016 ; free physical = 7229 ; free virtual = 19865

Phase 3.3 Area Swap Optimization
Phase 3.3 Area Swap Optimization | Checksum: 2d3ef7237

Time (s): cpu = 00:00:03 ; elapsed = 00:00:00.74 . Memory (MB): peak = 3179.418 ; gain = 32.016 ; free physical = 7229 ; free virtual = 19865

Phase 3.4 Pipeline Register Optimization
Phase 3.4 Pipeline Register Optimization | Checksum: 2d3ef7237

Time (s): cpu = 00:00:03 ; elapsed = 00:00:00.75 . Memory (MB): peak = 3179.418 ; gain = 32.016 ; free physical = 7229 ; free virtual = 19865

Phase 3.5 Small Shape Detail Placement
Phase 3.5 Small Shape Detail Placement | Checksum: 25a3a17a6

Time (s): cpu = 00:00:04 ; elapsed = 00:00:01 . Memory (MB): peak = 3179.418 ; gain = 32.016 ; free physical = 7226 ; free virtual = 19862

Phase 3.6 Re-assign LUT pins
Phase 3.6 Re-assign LUT pins | Checksum: 25a3a17a6

Time (s): cpu = 00:00:04 ; elapsed = 00:00:01 . Memory (MB): peak = 3179.418 ; gain = 32.016 ; free physical = 7226 ; free virtual = 19862

Phase 3.7 Pipeline Register Optimization
Phase 3.7 Pipeline Register Optimization | Checksum: 25a3a17a6

Time (s): cpu = 00:00:04 ; elapsed = 00:00:01 . Memory (MB): peak = 3179.418 ; gain = 32.016 ; free physical = 7226 ; free virtual = 19862
Phase 3 Detail Placement | Checksum: 25a3a17a6

Time (s): cpu = 00:00:04 ; elapsed = 00:00:01 . Memory (MB): peak = 3179.418 ; gain = 32.016 ; free physical = 7226 ; free virtual = 19862

Phase 4 Post Placement Optimization and Clean-Up

Phase 4.1 Post Commit Optimization
Phase 4.1 Post Commit Optimization | Checksum: 25a3a17a6

Time (s): cpu = 00:00:05 ; elapsed = 00:00:01 . Memory (MB): peak = 3179.418 ; gain = 32.016 ; free physical = 7226 ; free virtual = 19862

Phase 4.2 Post Placement Cleanup
Phase 4.2 Post Placement Cleanup | Checksum: 25a3a17a6

Time (s): cpu = 00:00:05 ; elapsed = 00:00:01 . Memory (MB): peak = 3179.418 ; gain = 32.016 ; free physical = 7226 ; free virtual = 19862

Phase 4.3 Placer Reporting

Phase 4.3.1 Print Estimated Congestion
INFO: [Place 30-612] Post-Placement Estimated Congestion 
 ____________________________________________________
|           | Global Congestion | Short Congestion  |
| Direction | Region Size       | Region Size       |
|___________|___________________|___________________|
|      North|                1x1|                2x2|
|___________|___________________|___________________|
|      South|                1x1|                1x1|
|___________|___________________|___________________|
|       East|                1x1|                1x1|
|___________|___________________|___________________|
|       West|                1x1|                1x1|
|___________|___________________|___________________|

Phase 4.3.1 Print Estimated Congestion | Checksum: 25a3a17a6

Time (s): cpu = 00:00:05 ; elapsed = 00:00:01 . Memory (MB): peak = 3179.418 ; gain = 32.016 ; free physical = 7226 ; free virtual = 19862
Phase 4.3 Placer Reporting | Checksum: 25a3a17a6

Time (s): cpu = 00:00:05 ; elapsed = 00:00:01 . Memory (MB): peak = 3179.418 ; gain = 32.016 ; free physical = 7226 ; free virtual = 19862

Phase 4.4 Final Placement Cleanup
Netlist sorting complete. Time (s): cpu = 00:00:00 ; elapsed = 00:00:00 . Memory (MB): peak = 3179.418 ; gain = 0.000 ; free physical = 7226 ; free virtual = 19862

Time (s): cpu = 00:00:05 ; elapsed = 00:00:01 . Memory (MB): peak = 3179.418 ; gain = 32.016 ; free physical = 7226 ; free virtual = 19862
Phase 4 Post Placement Optimization and Clean-Up | Checksum: 21233003d

Time (s): cpu = 00:00:05 ; elapsed = 00:00:01 . Memory (MB): peak = 3179.418 ; gain = 32.016 ; free physical = 7226 ; free virtual = 19862
Ending Placer Task | Checksum: 1ccab80f1

Time (s): cpu = 00:00:05 ; elapsed = 00:00:01 . Memory (MB): peak = 3179.418 ; gain = 32.016 ; free physical = 7226 ; free virtual = 19862
47 Infos, 2 Warnings, 0 Critical Warnings and 0 Errors encountered.
place_design completed successfully
INFO: [Vivado 12-24838] Running report commands "report_control_sets, report_io, report_utilization" in parallel.
Running report generation with 3 threads.
INFO: [Vivado 12-24828] Executing command : report_control_sets -verbose -file cpu_control_sets_placed.rpt
report_control_sets: Time (s): cpu = 00:00:00.01 ; elapsed = 00:00:00.01 . Memory (MB): peak = 3179.418 ; gain = 0.000 ; free physical = 7226 ; free virtual = 19862
INFO: [Vivado 12-24828] Executing command : report_utilization -file cpu_utilization_placed.rpt -pb cpu_utilization_placed.pb
INFO: [Vivado 12-24828] Executing command : report_io -file cpu_io_placed.rpt
report_io: Time (s): cpu = 00:00:00.08 ; elapsed = 00:00:00.05 . Memory (MB): peak = 3179.418 ; gain = 0.000 ; free physical = 7226 ; free virtual = 19862
INFO: [Timing 38-480] Writing timing data to binary archive.
Write ShapeDB Complete: Time (s): cpu = 00:00:00.01 ; elapsed = 00:00:00 . Memory (MB): peak = 3179.418 ; gain = 0.000 ; free physical = 7226 ; free virtual = 19862
Wrote PlaceDB: Time (s): cpu = 00:00:00.11 ; elapsed = 00:00:00.05 . Memory (MB): peak = 3179.418 ; gain = 0.000 ; free physical = 7217 ; free virtual = 19855
Wrote PulsedLatchDB: Time (s): cpu = 00:00:00 ; elapsed = 00:00:00 . Memory (MB): peak = 3179.418 ; gain = 0.000 ; free physical = 7215 ; free virtual = 19853
Writing XDEF routing.
Writing XDEF routing logical nets.
Writing XDEF routing special nets.
Wrote RouteStorage: Time (s): cpu = 00:00:00.02 ; elapsed = 00:00:00.01 . Memory (MB): peak = 3179.418 ; gain = 0.000 ; free physical = 7215 ; free virtual = 19853
Wrote Netlist Cache: Time (s): cpu = 00:00:00 ; elapsed = 00:00:00 . Memory (MB): peak = 3179.418 ; gain = 0.000 ; free physical = 7215 ; free virtual = 19853
Wrote Device Cache: Time (s): cpu = 00:00:00 ; elapsed = 00:00:00 . Memory (MB): peak = 3179.418 ; gain = 0.000 ; free physical = 7214 ; free virtual = 19853
Write Physdb Complete: Time (s): cpu = 00:00:00.16 ; elapsed = 00:00:00.29 . Memory (MB): peak = 3179.418 ; gain = 0.000 ; free physical = 7214 ; free virtual = 19853
INFO: [Common 17-1381] The checkpoint '/nfs/home/d/di_sinh/COEN316/Lab4/lab4_vivado/lab4_vivado.runs/impl_1/cpu_placed.dcp' has been generated.
Command: phys_opt_design
Attempting to get a license for feature 'Implementation' and/or device 'xc7a100t'
INFO: [Common 17-349] Got license for feature 'Implementation' and/or device 'xc7a100t'

Starting Initial Update Timing Task

Time (s): cpu = 00:00:00.05 ; elapsed = 00:00:00.04 . Memory (MB): peak = 3179.418 ; gain = 0.000 ; free physical = 7210 ; free virtual = 19847
INFO: [Vivado_Tcl 4-235] No timing constraint found. The netlist was not modified.
INFO: [Common 17-83] Releasing license: Implementation
56 Infos, 2 Warnings, 0 Critical Warnings and 0 Errors encountered.
phys_opt_design completed successfully
INFO: [Timing 38-480] Writing timing data to binary archive.
Write ShapeDB Complete: Time (s): cpu = 00:00:00.01 ; elapsed = 00:00:00.01 . Memory (MB): peak = 3179.418 ; gain = 0.000 ; free physical = 7205 ; free virtual = 19843
Wrote PlaceDB: Time (s): cpu = 00:00:00.12 ; elapsed = 00:00:00.04 . Memory (MB): peak = 3191.102 ; gain = 11.684 ; free physical = 7183 ; free virtual = 19822
Wrote PulsedLatchDB: Time (s): cpu = 00:00:00 ; elapsed = 00:00:00 . Memory (MB): peak = 3191.102 ; gain = 0.000 ; free physical = 7181 ; free virtual = 19821
Writing XDEF routing.
Writing XDEF routing logical nets.
Writing XDEF routing special nets.
Wrote RouteStorage: Time (s): cpu = 00:00:00.01 ; elapsed = 00:00:00.01 . Memory (MB): peak = 3191.102 ; gain = 0.000 ; free physical = 7181 ; free virtual = 19821
Wrote Netlist Cache: Time (s): cpu = 00:00:00 ; elapsed = 00:00:00 . Memory (MB): peak = 3191.102 ; gain = 0.000 ; free physical = 7181 ; free virtual = 19820
Wrote Device Cache: Time (s): cpu = 00:00:00 ; elapsed = 00:00:00.01 . Memory (MB): peak = 3191.102 ; gain = 0.000 ; free physical = 7180 ; free virtual = 19820
Write Physdb Complete: Time (s): cpu = 00:00:00.16 ; elapsed = 00:00:00.29 . Memory (MB): peak = 3191.102 ; gain = 11.684 ; free physical = 7180 ; free virtual = 19820
INFO: [Common 17-1381] The checkpoint '/nfs/home/d/di_sinh/COEN316/Lab4/lab4_vivado/lab4_vivado.runs/impl_1/cpu_physopt.dcp' has been generated.
Command: route_design
Attempting to get a license for feature 'Implementation' and/or device 'xc7a100t'
INFO: [Common 17-349] Got license for feature 'Implementation' and/or device 'xc7a100t'


Starting Routing Task
INFO: [Route 35-254] Multithreading enabled for route_design using a maximum of 8 CPUs

Phase 1 Build RT Design
Checksum: PlaceDB: 9797b948 ConstDB: 0 ShapeSum: 83416813 RouteDB: b1d25f96
Post Restoration Checksum: NetGraph: f7dc9daf | NumContArr: 41655a64 | Constraints: c2a8fa9d | Timing: c2a8fa9d
Phase 1 Build RT Design | Checksum: 2be93ed4d

Time (s): cpu = 00:00:15 ; elapsed = 00:00:13 . Memory (MB): peak = 3296.062 ; gain = 104.961 ; free physical = 7072 ; free virtual = 19710

Phase 2 Router Initialization
INFO: [Route 35-64] No timing constraints were detected. The router will operate in resource-optimization mode.

Phase 2.1 Fix Topology Constraints
Phase 2.1 Fix Topology Constraints | Checksum: 2be93ed4d

Time (s): cpu = 00:00:15 ; elapsed = 00:00:13 . Memory (MB): peak = 3328.062 ; gain = 136.961 ; free physical = 7040 ; free virtual = 19678

Phase 2.2 Pre Route Cleanup
Phase 2.2 Pre Route Cleanup | Checksum: 2be93ed4d

Time (s): cpu = 00:00:15 ; elapsed = 00:00:13 . Memory (MB): peak = 3328.062 ; gain = 136.961 ; free physical = 7040 ; free virtual = 19678
 Number of Nodes with overlaps = 0

Router Utilization Summary
  Global Vertical Routing Utilization    = 0 %
  Global Horizontal Routing Utilization  = 0 %
  Routable Net Status*
  *Does not include unroutable nets such as driverless and loadless.
  Run report_route_status for detailed report.
  Number of Failed Nets               = 1711
    (Failed Nets is the sum of unrouted and partially routed nets)
  Number of Unrouted Nets             = 1711
  Number of Partially Routed Nets     = 0
  Number of Node Overlaps             = 0

Phase 2 Router Initialization | Checksum: 26df4b2d1

Time (s): cpu = 00:00:16 ; elapsed = 00:00:13 . Memory (MB): peak = 3364.234 ; gain = 173.133 ; free physical = 7005 ; free virtual = 19643

Phase 3 Global Routing
Phase 3 Global Routing | Checksum: 26df4b2d1

Time (s): cpu = 00:00:16 ; elapsed = 00:00:13 . Memory (MB): peak = 3364.234 ; gain = 173.133 ; free physical = 7005 ; free virtual = 19643

Phase 4 Initial Routing

Phase 4.1 Initial Net Routing Pass
Phase 4.1 Initial Net Routing Pass | Checksum: 1977dead5

Time (s): cpu = 00:00:16 ; elapsed = 00:00:13 . Memory (MB): peak = 3364.234 ; gain = 173.133 ; free physical = 7004 ; free virtual = 19642
Phase 4 Initial Routing | Checksum: 1977dead5

Time (s): cpu = 00:00:16 ; elapsed = 00:00:13 . Memory (MB): peak = 3364.234 ; gain = 173.133 ; free physical = 7004 ; free virtual = 19642

Phase 5 Rip-up And Reroute

Phase 5.1 Global Iteration 0
 Number of Nodes with overlaps = 160
 Number of Nodes with overlaps = 1
 Number of Nodes with overlaps = 0
Phase 5.1 Global Iteration 0 | Checksum: 20c633341

Time (s): cpu = 00:00:17 ; elapsed = 00:00:13 . Memory (MB): peak = 3364.234 ; gain = 173.133 ; free physical = 7004 ; free virtual = 19642
Phase 5 Rip-up And Reroute | Checksum: 20c633341

Time (s): cpu = 00:00:17 ; elapsed = 00:00:13 . Memory (MB): peak = 3364.234 ; gain = 173.133 ; free physical = 7004 ; free virtual = 19642

Phase 6 Delay and Skew Optimization
Phase 6 Delay and Skew Optimization | Checksum: 20c633341

Time (s): cpu = 00:00:17 ; elapsed = 00:00:13 . Memory (MB): peak = 3364.234 ; gain = 173.133 ; free physical = 7004 ; free virtual = 19642

Phase 7 Post Hold Fix

Phase 7.1 Hold Fix Iter
Phase 7.1 Hold Fix Iter | Checksum: 20c633341

Time (s): cpu = 00:00:17 ; elapsed = 00:00:13 . Memory (MB): peak = 3364.234 ; gain = 173.133 ; free physical = 7004 ; free virtual = 19642
Phase 7 Post Hold Fix | Checksum: 20c633341

Time (s): cpu = 00:00:17 ; elapsed = 00:00:13 . Memory (MB): peak = 3364.234 ; gain = 173.133 ; free physical = 7004 ; free virtual = 19642

Phase 8 Route finalize

Router Utilization Summary
  Global Vertical Routing Utilization    = 0.318057 %
  Global Horizontal Routing Utilization  = 0.382353 %
  Routable Net Status*
  *Does not include unroutable nets such as driverless and loadless.
  Run report_route_status for detailed report.
  Number of Failed Nets               = 0
    (Failed Nets is the sum of unrouted and partially routed nets)
  Number of Unrouted Nets             = 0
  Number of Partially Routed Nets     = 0
  Number of Node Overlaps             = 0


--GLOBAL Congestion:
Utilization threshold used for congestion level computation: 0.85
Congestion Report
North Dir 1x1 Area, Max Cong = 36.9369%, No Congested Regions.
South Dir 1x1 Area, Max Cong = 36.036%, No Congested Regions.
East Dir 1x1 Area, Max Cong = 38.2353%, No Congested Regions.
West Dir 1x1 Area, Max Cong = 39.7059%, No Congested Regions.

------------------------------
Reporting congestion hotspots
------------------------------
Direction: North
----------------
Congested clusters found at Level 0
Effective congestion level: 0 Aspect Ratio: 1 Sparse Ratio: 0
Direction: South
----------------
Congested clusters found at Level 0
Effective congestion level: 0 Aspect Ratio: 1 Sparse Ratio: 0
Direction: East
----------------
Congested clusters found at Level 0
Effective congestion level: 0 Aspect Ratio: 1 Sparse Ratio: 0
Direction: West
----------------
Congested clusters found at Level 0
Effective congestion level: 0 Aspect Ratio: 1 Sparse Ratio: 0

Phase 8 Route finalize | Checksum: 20c633341

Time (s): cpu = 00:00:17 ; elapsed = 00:00:13 . Memory (MB): peak = 3364.234 ; gain = 173.133 ; free physical = 7004 ; free virtual = 19642

Phase 9 Verifying routed nets

 Verification completed successfully
Phase 9 Verifying routed nets | Checksum: 20c633341

Time (s): cpu = 00:00:17 ; elapsed = 00:00:13 . Memory (MB): peak = 3364.234 ; gain = 173.133 ; free physical = 7004 ; free virtual = 19642

Phase 10 Depositing Routes
Phase 10 Depositing Routes | Checksum: 2b5430767

Time (s): cpu = 00:00:17 ; elapsed = 00:00:14 . Memory (MB): peak = 3364.234 ; gain = 173.133 ; free physical = 7004 ; free virtual = 19642

Phase 11 Post Process Routing
Phase 11 Post Process Routing | Checksum: 2b5430767

Time (s): cpu = 00:00:17 ; elapsed = 00:00:14 . Memory (MB): peak = 3364.234 ; gain = 173.133 ; free physical = 7004 ; free virtual = 19642
Total Elapsed time in route_design: 13.54 secs

Phase 12 Post-Route Event Processing
Phase 12 Post-Route Event Processing | Checksum: 11aa6d424

Time (s): cpu = 00:00:17 ; elapsed = 00:00:14 . Memory (MB): peak = 3364.234 ; gain = 173.133 ; free physical = 7004 ; free virtual = 19642
INFO: [Route 35-16] Router Completed Successfully
Ending Routing Task | Checksum: 11aa6d424

Time (s): cpu = 00:00:17 ; elapsed = 00:00:14 . Memory (MB): peak = 3364.234 ; gain = 173.133 ; free physical = 7004 ; free virtual = 19642

Routing Is Done.
INFO: [Common 17-83] Releasing license: Implementation
63 Infos, 2 Warnings, 0 Critical Warnings and 0 Errors encountered.
route_design completed successfully
route_design: Time (s): cpu = 00:00:17 ; elapsed = 00:00:14 . Memory (MB): peak = 3364.234 ; gain = 173.133 ; free physical = 7004 ; free virtual = 19642
INFO: [Vivado 12-24828] Executing command : report_drc -file cpu_drc_routed.rpt -pb cpu_drc_routed.pb -rpx cpu_drc_routed.rpx
Command: report_drc -file cpu_drc_routed.rpt -pb cpu_drc_routed.pb -rpx cpu_drc_routed.rpx
INFO: [IP_Flow 19-1839] IP Catalog is up to date.
INFO: [DRC 23-27] Running DRC with 8 threads
INFO: [Vivado_Tcl 2-168] The results of DRC are in file /nfs/home/d/di_sinh/COEN316/Lab4/lab4_vivado/lab4_vivado.runs/impl_1/cpu_drc_routed.rpt.
report_drc completed successfully
INFO: [Vivado 12-24828] Executing command : report_methodology -file cpu_methodology_drc_routed.rpt -pb cpu_methodology_drc_routed.pb -rpx cpu_methodology_drc_routed.rpx
Command: report_methodology -file cpu_methodology_drc_routed.rpt -pb cpu_methodology_drc_routed.pb -rpx cpu_methodology_drc_routed.rpx
INFO: [Timing 38-35] Done setting XDC timing constraints.
INFO: [DRC 23-133] Running Methodology with 8 threads
INFO: [Vivado_Tcl 2-1520] The results of Report Methodology are in file /nfs/home/d/di_sinh/COEN316/Lab4/lab4_vivado/lab4_vivado.runs/impl_1/cpu_methodology_drc_routed.rpt.
report_methodology completed successfully
INFO: [Vivado 12-24828] Executing command : report_timing_summary -max_paths 10 -routable_nets -report_unconstrained -file cpu_timing_summary_routed.rpt -pb cpu_timing_summary_routed.pb -rpx cpu_timing_summary_routed.rpx -warn_on_violation 
INFO: [Timing 38-35] Done setting XDC timing constraints.
INFO: [Timing 38-91] UpdateTimingParams: Speed grade: -1, Delay Type: min_max.
INFO: [Timing 38-191] Multithreading enabled for timing update using a maximum of 8 CPUs
WARNING: [Timing 38-313] There are no user specified timing constraints. Timing constraints are needed for proper timing analysis.
INFO: [Vivado 12-24838] Running report commands "report_bus_skew, report_incremental_reuse, report_route_status" in parallel.
Running report generation with 3 threads.
INFO: [Vivado 12-24828] Executing command : report_incremental_reuse -file cpu_incremental_reuse_routed.rpt
INFO: [Vivado_Tcl 4-1062] Incremental flow is disabled. No incremental reuse Info to report.
INFO: [Vivado 12-24828] Executing command : report_route_status -file cpu_route_status.rpt -pb cpu_route_status.pb
INFO: [Vivado 12-24828] Executing command : report_bus_skew -warn_on_violation -file cpu_bus_skew_routed.rpt -pb cpu_bus_skew_routed.pb -rpx cpu_bus_skew_routed.rpx
INFO: [Timing 38-91] UpdateTimingParams: Speed grade: -1, Delay Type: min_max.
INFO: [Timing 38-191] Multithreading enabled for timing update using a maximum of 8 CPUs
INFO: [Vivado 12-24828] Executing command : report_power -file cpu_power_routed.rpt -pb cpu_power_summary_routed.pb -rpx cpu_power_routed.rpx
Command: report_power -file cpu_power_routed.rpt -pb cpu_power_summary_routed.pb -rpx cpu_power_routed.rpx
WARNING: [Power 33-232] No user defined clocks were found in the design! Power estimation will be inaccurate until this is corrected.
Resolution: Please specify clocks using create_clock/create_generated_clock for sequential elements. For pure combinatorial circuits, please specify a virtual clock, otherwise the vectorless estimation might be inaccurate
Running Vector-less Activity Propagation...

Finished Running Vector-less Activity Propagation
83 Infos, 4 Warnings, 0 Critical Warnings and 0 Errors encountered.
report_power completed successfully
INFO: [Vivado 12-24828] Executing command : report_clock_utilization -file cpu_clock_utilization_routed.rpt
INFO: [Timing 38-480] Writing timing data to binary archive.
Write ShapeDB Complete: Time (s): cpu = 00:00:00.01 ; elapsed = 00:00:00 . Memory (MB): peak = 3500.539 ; gain = 0.000 ; free physical = 6889 ; free virtual = 19529
Wrote PlaceDB: Time (s): cpu = 00:00:00.13 ; elapsed = 00:00:00.05 . Memory (MB): peak = 3500.539 ; gain = 0.000 ; free physical = 6888 ; free virtual = 19528
Wrote PulsedLatchDB: Time (s): cpu = 00:00:00 ; elapsed = 00:00:00 . Memory (MB): peak = 3500.539 ; gain = 0.000 ; free physical = 6887 ; free virtual = 19528
Writing XDEF routing.
Writing XDEF routing logical nets.
Writing XDEF routing special nets.
Wrote RouteStorage: Time (s): cpu = 00:00:00.04 ; elapsed = 00:00:00.02 . Memory (MB): peak = 3500.539 ; gain = 0.000 ; free physical = 6887 ; free virtual = 19528
Wrote Netlist Cache: Time (s): cpu = 00:00:00 ; elapsed = 00:00:00 . Memory (MB): peak = 3500.539 ; gain = 0.000 ; free physical = 6887 ; free virtual = 19529
Wrote Device Cache: Time (s): cpu = 00:00:00.01 ; elapsed = 00:00:00 . Memory (MB): peak = 3500.539 ; gain = 0.000 ; free physical = 6887 ; free virtual = 19529
Write Physdb Complete: Time (s): cpu = 00:00:00.19 ; elapsed = 00:00:00.32 . Memory (MB): peak = 3500.539 ; gain = 0.000 ; free physical = 6886 ; free virtual = 19529
INFO: [Common 17-1381] The checkpoint '/nfs/home/d/di_sinh/COEN316/Lab4/lab4_vivado/lab4_vivado.runs/impl_1/cpu_routed.dcp' has been generated.
INFO: [Common 17-206] Exiting Vivado at Tue Apr 14 03:05:27 2026...

*** Running vivado
    with args -log cpu.vdi -applog -m64 -product Vivado -messageDb vivado.pb -mode batch -source cpu.tcl -notrace


****** Vivado v2025.1 (64-bit)
  **** SW Build 6140274 on Wed May 21 22:58:25 MDT 2025
  **** IP Build 6138677 on Thu May 22 03:10:11 MDT 2025
  **** SharedData Build 6139179 on Tue May 20 17:58:58 MDT 2025
  **** Start of session at: Tue Apr 14 03:05:42 2026
    ** Copyright 1986-2022 Xilinx, Inc. All Rights Reserved.
    ** Copyright 2022-2025 Advanced Micro Devices, Inc. All Rights Reserved.

source cpu.tcl -notrace
Command: open_checkpoint cpu_routed.dcp
INFO: [Device 21-403] Loading part xc7a100tcsg324-1
Netlist sorting complete. Time (s): cpu = 00:00:00 ; elapsed = 00:00:00.01 . Memory (MB): peak = 2018.055 ; gain = 0.000 ; free physical = 8232 ; free virtual = 20872
INFO: [Netlist 29-17] Analyzing 250 Unisim elements for replacement
INFO: [Netlist 29-28] Unisim Transformation completed in 0 CPU seconds
INFO: [Project 1-479] Netlist was created with Vivado 2025.1
INFO: [Project 1-570] Preparing netlist for logic optimization
Read ShapeDB Complete: Time (s): cpu = 00:00:00 ; elapsed = 00:00:00 . Memory (MB): peak = 2075.867 ; gain = 0.000 ; free physical = 8162 ; free virtual = 20802
INFO: [Timing 38-478] Restoring timing data from binary archive.
INFO: [Timing 38-479] Binary timing data restore complete.
INFO: [Project 1-856] Restoring constraints from binary archive.
INFO: [Project 1-853] Binary constraint restore complete.
INFO: [Designutils 20-5722] Start Reading Physical Databases.
Reading placement.
Read Netlist Cache: Time (s): cpu = 00:00:00 ; elapsed = 00:00:00 . Memory (MB): peak = 2663.398 ; gain = 0.000 ; free physical = 7634 ; free virtual = 20274
Reading placer database...
Read Device Cache: Time (s): cpu = 00:00:00.01 ; elapsed = 00:00:00 . Memory (MB): peak = 2663.398 ; gain = 0.000 ; free physical = 7634 ; free virtual = 20274
Read PlaceDB: Time (s): cpu = 00:00:00.04 ; elapsed = 00:00:00.04 . Memory (MB): peak = 2663.398 ; gain = 0.000 ; free physical = 7634 ; free virtual = 20274
Read PulsedLatchDB: Time (s): cpu = 00:00:00 ; elapsed = 00:00:00 . Memory (MB): peak = 2663.398 ; gain = 0.000 ; free physical = 7634 ; free virtual = 20274
Reading routing.
Read RouteStorage: Time (s): cpu = 00:00:00.03 ; elapsed = 00:00:00 . Memory (MB): peak = 2663.398 ; gain = 0.000 ; free physical = 7634 ; free virtual = 20274
Read Physdb Files: Time (s): cpu = 00:00:00.08 ; elapsed = 00:00:00.07 . Memory (MB): peak = 2663.398 ; gain = 0.000 ; free physical = 7634 ; free virtual = 20274
Restored from archive | CPU: 0.100000 secs | Memory: 3.418106 MB |
Finished XDEF File Restore: Time (s): cpu = 00:00:00.1 ; elapsed = 00:00:00.1 . Memory (MB): peak = 2663.398 ; gain = 17.812 ; free physical = 7634 ; free virtual = 20274
Netlist sorting complete. Time (s): cpu = 00:00:00 ; elapsed = 00:00:00 . Memory (MB): peak = 2663.398 ; gain = 0.000 ; free physical = 7634 ; free virtual = 20274
INFO: [Project 1-111] Unisim Transformation Summary:
No Unisim elements were transformed.

INFO: [Project 1-604] Checkpoint was created with Vivado v2025.1 (64-bit) build 6140274
WARNING: [Vivado 12-23575] Critical violations of the methodology design rules detected. Critical violations may contribute to timing failures or cause functional issues in hardware. Run report_methodology for more information.
open_checkpoint: Time (s): cpu = 00:00:11 ; elapsed = 00:00:16 . Memory (MB): peak = 2663.434 ; gain = 1032.363 ; free physical = 7634 ; free virtual = 20274
Command: write_bitstream -force cpu.bit
Attempting to get a license for feature 'Implementation' and/or device 'xc7a100t'
INFO: [Common 17-349] Got license for feature 'Implementation' and/or device 'xc7a100t'
Running DRC as a precondition to command write_bitstream
INFO: [IP_Flow 19-234] Refreshing IP repositories
INFO: [IP_Flow 19-1704] No user IP repositories specified
INFO: [IP_Flow 19-2313] Loaded Vivado IP repository '/CMC/tools/xilinx/Vitis_2025.1/2025.1/Vivado/data/ip'.
INFO: [DRC 23-27] Running DRC with 8 threads
INFO: [Vivado 12-3199] DRC finished with 0 Errors
INFO: [Vivado 12-3200] Please refer to the DRC report (report_drc) for more information.
INFO: [Designutils 20-2272] Running write_bitstream with 8 threads.
Loading data files...
Loading site data...
Loading route data...
Processing options...
Creating bitmap...
Creating bitstream...
Writing bitstream ./cpu.bit...
INFO: [Vivado 12-1842] Bitgen Completed Successfully.
INFO: [Common 17-83] Releasing license: Implementation
22 Infos, 1 Warnings, 0 Critical Warnings and 0 Errors encountered.
write_bitstream completed successfully
write_bitstream: Time (s): cpu = 00:00:09 ; elapsed = 00:00:07 . Memory (MB): peak = 3146.789 ; gain = 483.355 ; free physical = 7148 ; free virtual = 19792
INFO: [Common 17-206] Exiting Vivado at Tue Apr 14 03:06:17 2026...
