
*** Running vivado
    with args -log cpu.vds -m64 -product Vivado -mode batch -messageDb vivado.pb -notrace -source cpu.tcl


****** Vivado v2025.1 (64-bit)
  **** SW Build 6140274 on Wed May 21 22:58:25 MDT 2025
  **** IP Build 6138677 on Thu May 22 03:10:11 MDT 2025
  **** SharedData Build 6139179 on Tue May 20 17:58:58 MDT 2025
  **** Start of session at: Tue Apr 14 03:03:37 2026
    ** Copyright 1986-2022 Xilinx, Inc. All Rights Reserved.
    ** Copyright 2022-2025 Advanced Micro Devices, Inc. All Rights Reserved.

source cpu.tcl -notrace
create_project: Time (s): cpu = 00:00:05 ; elapsed = 00:00:06 . Memory (MB): peak = 1839.129 ; gain = 141.055 ; free physical = 8380 ; free virtual = 21015
Command: read_checkpoint -auto_incremental -incremental /nfs/home/d/di_sinh/COEN316/Lab4/lab4_vivado/lab4_vivado.srcs/utils_1/imports/synth_1/cpu.dcp
INFO: [Vivado 12-5825] Read reference checkpoint from /nfs/home/d/di_sinh/COEN316/Lab4/lab4_vivado/lab4_vivado.srcs/utils_1/imports/synth_1/cpu.dcp for incremental synthesis
INFO: [Vivado 12-7989] Please ensure there are no constraint changes
Command: synth_design -top cpu -part xc7a100tcsg324-1
Starting synth_design
Attempting to get a license for feature 'Synthesis' and/or device 'xc7a100t'
INFO: [Common 17-349] Got license for feature 'Synthesis' and/or device 'xc7a100t'
INFO: [Device 21-403] Loading part xc7a100tcsg324-1
INFO: [Designutils 20-5440] No compile time benefit to using incremental synthesis; A full resynthesis will be run
INFO: [Designutils 20-4379] Flow is switching to default flow due to incremental criteria not met. If you would like to alter this behaviour and have the flow terminate instead, please set the following parameter config_implementation {autoIncr.Synth.RejectBehavior Terminate}
INFO: [Synth 8-7079] Multithreading enabled for synth_design using a maximum of 7 processes.
INFO: [Synth 8-7078] Launching helper process for spawning children vivado processes
INFO: [Synth 8-7075] Helper process launched with PID 54851
---------------------------------------------------------------------------------
Starting RTL Elaboration : Time (s): cpu = 00:00:03 ; elapsed = 00:00:03 . Memory (MB): peak = 2441.809 ; gain = 441.625 ; free physical = 7551 ; free virtual = 20186
---------------------------------------------------------------------------------
INFO: [Synth 8-638] synthesizing module 'cpu' [/nfs/home/d/di_sinh/COEN316/Lab4/lab4_vivado/lab4_vivado.srcs/sources_1/imports/Code/cpu.vhd:15]
INFO: [Synth 8-638] synthesizing module 'pc_reg' [/nfs/home/d/di_sinh/COEN316/Lab4/lab4_vivado/lab4_vivado.srcs/sources_1/imports/Code/pc_reg.vhd:13]
INFO: [Synth 8-256] done synthesizing module 'pc_reg' (0#1) [/nfs/home/d/di_sinh/COEN316/Lab4/lab4_vivado/lab4_vivado.srcs/sources_1/imports/Code/pc_reg.vhd:13]
INFO: [Synth 8-638] synthesizing module 'i_cache' [/nfs/home/d/di_sinh/COEN316/Lab4/lab4_vivado/lab4_vivado.srcs/sources_1/imports/Code/i_cache.vhd:11]
INFO: [Synth 8-256] done synthesizing module 'i_cache' (0#1) [/nfs/home/d/di_sinh/COEN316/Lab4/lab4_vivado/lab4_vivado.srcs/sources_1/imports/Code/i_cache.vhd:11]
INFO: [Synth 8-638] synthesizing module 'regfile' [/nfs/home/d/di_sinh/COEN316/Lab4/lab4_vivado/lab4_vivado.srcs/sources_1/imports/Code/regfile.vhd:22]
INFO: [Synth 8-256] done synthesizing module 'regfile' (0#1) [/nfs/home/d/di_sinh/COEN316/Lab4/lab4_vivado/lab4_vivado.srcs/sources_1/imports/Code/regfile.vhd:22]
INFO: [Synth 8-638] synthesizing module 'sign_extend' [/nfs/home/d/di_sinh/COEN316/Lab4/lab4_vivado/lab4_vivado.srcs/sources_1/imports/Code/sign_extend.vhd:12]
INFO: [Synth 8-226] default block is never used [/nfs/home/d/di_sinh/COEN316/Lab4/lab4_vivado/lab4_vivado.srcs/sources_1/imports/Code/sign_extend.vhd:20]
INFO: [Synth 8-256] done synthesizing module 'sign_extend' (0#1) [/nfs/home/d/di_sinh/COEN316/Lab4/lab4_vivado/lab4_vivado.srcs/sources_1/imports/Code/sign_extend.vhd:12]
INFO: [Synth 8-638] synthesizing module 'alu' [/nfs/home/d/di_sinh/COEN316/Lab4/lab4_vivado/lab4_vivado.srcs/sources_1/imports/Code/alu.vhd:16]
INFO: [Synth 8-256] done synthesizing module 'alu' (0#1) [/nfs/home/d/di_sinh/COEN316/Lab4/lab4_vivado/lab4_vivado.srcs/sources_1/imports/Code/alu.vhd:16]
INFO: [Synth 8-638] synthesizing module 'd_cache' [/nfs/home/d/di_sinh/COEN316/Lab4/lab4_vivado/lab4_vivado.srcs/sources_1/imports/Code/d_cache.vhd:16]
INFO: [Synth 8-256] done synthesizing module 'd_cache' (0#1) [/nfs/home/d/di_sinh/COEN316/Lab4/lab4_vivado/lab4_vivado.srcs/sources_1/imports/Code/d_cache.vhd:16]
INFO: [Synth 8-638] synthesizing module 'next_address' [/nfs/home/d/di_sinh/COEN316/Lab4/lab4_vivado/lab4_vivado.srcs/sources_1/imports/Code/next_address.vhd:15]
INFO: [Synth 8-256] done synthesizing module 'next_address' (0#1) [/nfs/home/d/di_sinh/COEN316/Lab4/lab4_vivado/lab4_vivado.srcs/sources_1/imports/Code/next_address.vhd:15]
INFO: [Synth 8-256] done synthesizing module 'cpu' (0#1) [/nfs/home/d/di_sinh/COEN316/Lab4/lab4_vivado/lab4_vivado.srcs/sources_1/imports/Code/cpu.vhd:15]
---------------------------------------------------------------------------------
Finished RTL Elaboration : Time (s): cpu = 00:00:03 ; elapsed = 00:00:04 . Memory (MB): peak = 2520.746 ; gain = 520.562 ; free physical = 7464 ; free virtual = 20100
---------------------------------------------------------------------------------
---------------------------------------------------------------------------------
Start Handling Custom Attributes
---------------------------------------------------------------------------------
---------------------------------------------------------------------------------
Finished Handling Custom Attributes : Time (s): cpu = 00:00:04 ; elapsed = 00:00:04 . Memory (MB): peak = 2538.559 ; gain = 538.375 ; free physical = 7464 ; free virtual = 20100
---------------------------------------------------------------------------------
---------------------------------------------------------------------------------
Finished RTL Optimization Phase 1 : Time (s): cpu = 00:00:04 ; elapsed = 00:00:04 . Memory (MB): peak = 2538.559 ; gain = 538.375 ; free physical = 7464 ; free virtual = 20100
---------------------------------------------------------------------------------
Netlist sorting complete. Time (s): cpu = 00:00:00.01 ; elapsed = 00:00:00.01 . Memory (MB): peak = 2538.559 ; gain = 0.000 ; free physical = 7464 ; free virtual = 20100
INFO: [Project 1-570] Preparing netlist for logic optimization

Processing XDC Constraints
Initializing timing engine
Parsing XDC File [/nfs/home/d/di_sinh/COEN316/Lab4/lab4_vivado/lab4_vivado.srcs/constrs_1/imports/Code/cpu.xdc]
Finished Parsing XDC File [/nfs/home/d/di_sinh/COEN316/Lab4/lab4_vivado/lab4_vivado.srcs/constrs_1/imports/Code/cpu.xdc]
INFO: [Project 1-236] Implementation specific constraints were found while reading constraint file [/nfs/home/d/di_sinh/COEN316/Lab4/lab4_vivado/lab4_vivado.srcs/constrs_1/imports/Code/cpu.xdc]. These constraints will be ignored for synthesis but will be used in implementation. Impacted constraints are listed in the file [.Xil/cpu_propImpl.xdc].
Resolution: To avoid this warning, move constraints listed in [.Xil/cpu_propImpl.xdc] to another XDC file and exclude this new file from synthesis with the used_in_synthesis property (File Properties dialog in GUI) and re-run elaboration/synthesis.
Completed Processing XDC Constraints

Netlist sorting complete. Time (s): cpu = 00:00:00 ; elapsed = 00:00:00 . Memory (MB): peak = 2665.297 ; gain = 0.000 ; free physical = 7432 ; free virtual = 20068
INFO: [Project 1-111] Unisim Transformation Summary:
No Unisim elements were transformed.

Constraint Validation Runtime : Time (s): cpu = 00:00:00.01 ; elapsed = 00:00:00.01 . Memory (MB): peak = 2665.332 ; gain = 0.000 ; free physical = 7432 ; free virtual = 20068
INFO: [Designutils 20-5440] No compile time benefit to using incremental synthesis; A full resynthesis will be run
INFO: [Designutils 20-4379] Flow is switching to default flow due to incremental criteria not met. If you would like to alter this behaviour and have the flow terminate instead, please set the following parameter config_implementation {autoIncr.Synth.RejectBehavior Terminate}
---------------------------------------------------------------------------------
Finished Constraint Validation : Time (s): cpu = 00:00:08 ; elapsed = 00:00:09 . Memory (MB): peak = 2665.332 ; gain = 665.148 ; free physical = 7436 ; free virtual = 20072
---------------------------------------------------------------------------------
---------------------------------------------------------------------------------
Start Loading Part and Timing Information
---------------------------------------------------------------------------------
Loading part: xc7a100tcsg324-1
---------------------------------------------------------------------------------
Finished Loading Part and Timing Information : Time (s): cpu = 00:00:08 ; elapsed = 00:00:09 . Memory (MB): peak = 2673.301 ; gain = 673.117 ; free physical = 7436 ; free virtual = 20072
---------------------------------------------------------------------------------
---------------------------------------------------------------------------------
Start Applying 'set_property' XDC Constraints
---------------------------------------------------------------------------------
---------------------------------------------------------------------------------
Finished applying 'set_property' XDC Constraints : Time (s): cpu = 00:00:08 ; elapsed = 00:00:10 . Memory (MB): peak = 2673.301 ; gain = 673.117 ; free physical = 7436 ; free virtual = 20072
---------------------------------------------------------------------------------
---------------------------------------------------------------------------------
Finished RTL Optimization Phase 2 : Time (s): cpu = 00:00:08 ; elapsed = 00:00:10 . Memory (MB): peak = 2673.301 ; gain = 673.117 ; free physical = 7437 ; free virtual = 20074
---------------------------------------------------------------------------------
---------------------------------------------------------------------------------
Start RTL Component Statistics 
---------------------------------------------------------------------------------
Detailed RTL Component Info : 
+---Adders : 
	   3 Input   32 Bit       Adders := 1     
	   2 Input   32 Bit       Adders := 3     
+---XORs : 
	   2 Input     32 Bit         XORs := 1     
+---Registers : 
	               32 Bit    Registers := 65    
+---Muxes : 
	   2 Input   32 Bit        Muxes := 5     
	   4 Input   32 Bit        Muxes := 4     
	   2 Input    5 Bit        Muxes := 1     
	   9 Input    2 Bit        Muxes := 3     
	  14 Input    2 Bit        Muxes := 2     
	   2 Input    1 Bit        Muxes := 65    
	   4 Input    1 Bit        Muxes := 1     
	  14 Input    1 Bit        Muxes := 4     
	   9 Input    1 Bit        Muxes := 3     
---------------------------------------------------------------------------------
Finished RTL Component Statistics 
---------------------------------------------------------------------------------
---------------------------------------------------------------------------------
Start Part Resource Summary
---------------------------------------------------------------------------------
Part Resources:
DSPs: 240 (col length:80)
BRAMs: 270 (col length: RAMB18 80 RAMB36 40)
---------------------------------------------------------------------------------
Finished Part Resource Summary
---------------------------------------------------------------------------------
---------------------------------------------------------------------------------
Start Cross Boundary and Area Optimization
---------------------------------------------------------------------------------
WARNING: [Synth 8-7080] Parallel synthesis criteria is not met
---------------------------------------------------------------------------------
Finished Cross Boundary and Area Optimization : Time (s): cpu = 00:00:16 ; elapsed = 00:00:19 . Memory (MB): peak = 2673.301 ; gain = 673.117 ; free physical = 7412 ; free virtual = 20055
---------------------------------------------------------------------------------
---------------------------------------------------------------------------------
Start Applying XDC Timing Constraints
---------------------------------------------------------------------------------
---------------------------------------------------------------------------------
Finished Applying XDC Timing Constraints : Time (s): cpu = 00:00:19 ; elapsed = 00:00:23 . Memory (MB): peak = 2715.301 ; gain = 715.117 ; free physical = 7367 ; free virtual = 20011
---------------------------------------------------------------------------------
---------------------------------------------------------------------------------
Start Timing Optimization
---------------------------------------------------------------------------------
---------------------------------------------------------------------------------
Finished Timing Optimization : Time (s): cpu = 00:00:21 ; elapsed = 00:00:24 . Memory (MB): peak = 2717.301 ; gain = 717.117 ; free physical = 7365 ; free virtual = 20009
---------------------------------------------------------------------------------
---------------------------------------------------------------------------------
Start Technology Mapping
---------------------------------------------------------------------------------
---------------------------------------------------------------------------------
Finished Technology Mapping : Time (s): cpu = 00:00:21 ; elapsed = 00:00:25 . Memory (MB): peak = 2743.324 ; gain = 743.141 ; free physical = 7339 ; free virtual = 19982
---------------------------------------------------------------------------------
---------------------------------------------------------------------------------
Start IO Insertion
---------------------------------------------------------------------------------
---------------------------------------------------------------------------------
Start Flattening Before IO Insertion
---------------------------------------------------------------------------------
---------------------------------------------------------------------------------
Finished Flattening Before IO Insertion
---------------------------------------------------------------------------------
---------------------------------------------------------------------------------
Start Final Netlist Cleanup
---------------------------------------------------------------------------------
---------------------------------------------------------------------------------
Finished Final Netlist Cleanup
---------------------------------------------------------------------------------
---------------------------------------------------------------------------------
Finished IO Insertion : Time (s): cpu = 00:00:23 ; elapsed = 00:00:27 . Memory (MB): peak = 2900.137 ; gain = 899.953 ; free physical = 7187 ; free virtual = 19831
---------------------------------------------------------------------------------
---------------------------------------------------------------------------------
Start Renaming Generated Instances
---------------------------------------------------------------------------------
---------------------------------------------------------------------------------
Finished Renaming Generated Instances : Time (s): cpu = 00:00:23 ; elapsed = 00:00:27 . Memory (MB): peak = 2900.137 ; gain = 899.953 ; free physical = 7187 ; free virtual = 19831
---------------------------------------------------------------------------------
---------------------------------------------------------------------------------
Start Rebuilding User Hierarchy
---------------------------------------------------------------------------------
---------------------------------------------------------------------------------
Finished Rebuilding User Hierarchy : Time (s): cpu = 00:00:23 ; elapsed = 00:00:27 . Memory (MB): peak = 2900.137 ; gain = 899.953 ; free physical = 7187 ; free virtual = 19831
---------------------------------------------------------------------------------
---------------------------------------------------------------------------------
Start Renaming Generated Ports
---------------------------------------------------------------------------------
---------------------------------------------------------------------------------
Finished Renaming Generated Ports : Time (s): cpu = 00:00:23 ; elapsed = 00:00:27 . Memory (MB): peak = 2900.137 ; gain = 899.953 ; free physical = 7187 ; free virtual = 19831
---------------------------------------------------------------------------------
---------------------------------------------------------------------------------
Start Handling Custom Attributes
---------------------------------------------------------------------------------
---------------------------------------------------------------------------------
Finished Handling Custom Attributes : Time (s): cpu = 00:00:23 ; elapsed = 00:00:27 . Memory (MB): peak = 2900.137 ; gain = 899.953 ; free physical = 7187 ; free virtual = 19831
---------------------------------------------------------------------------------
---------------------------------------------------------------------------------
Start Renaming Generated Nets
---------------------------------------------------------------------------------
---------------------------------------------------------------------------------
Finished Renaming Generated Nets : Time (s): cpu = 00:00:23 ; elapsed = 00:00:27 . Memory (MB): peak = 2900.137 ; gain = 899.953 ; free physical = 7187 ; free virtual = 19831
---------------------------------------------------------------------------------
---------------------------------------------------------------------------------
Start Writing Synthesis Report
---------------------------------------------------------------------------------

Report BlackBoxes: 
+-+--------------+----------+
| |BlackBox name |Instances |
+-+--------------+----------+
+-+--------------+----------+

Report Cell Usage: 
+------+-------+------+
|      |Cell   |Count |
+------+-------+------+
|1     |BUFG   |     1|
|2     |CARRY4 |    26|
|3     |LUT1   |     1|
|4     |LUT2   |    24|
|5     |LUT3   |     3|
|6     |LUT4   |    85|
|7     |LUT5   |   131|
|8     |LUT6   |   511|
|9     |MUXF7  |   162|
|10    |MUXF8  |    62|
|11    |FDCE   |  1189|
|12    |IBUF   |     2|
|13    |OBUF   |    14|
+------+-------+------+
---------------------------------------------------------------------------------
Finished Writing Synthesis Report : Time (s): cpu = 00:00:23 ; elapsed = 00:00:27 . Memory (MB): peak = 2900.137 ; gain = 899.953 ; free physical = 7187 ; free virtual = 19831
---------------------------------------------------------------------------------
Synthesis finished with 0 errors, 0 critical warnings and 1 warnings.
Synthesis Optimization Runtime : Time (s): cpu = 00:00:23 ; elapsed = 00:00:26 . Memory (MB): peak = 2900.137 ; gain = 773.180 ; free physical = 7186 ; free virtual = 19830
Synthesis Optimization Complete : Time (s): cpu = 00:00:24 ; elapsed = 00:00:27 . Memory (MB): peak = 2900.145 ; gain = 899.953 ; free physical = 7186 ; free virtual = 19830
INFO: [Project 1-571] Translating synthesized netlist
Netlist sorting complete. Time (s): cpu = 00:00:00 ; elapsed = 00:00:00.01 . Memory (MB): peak = 2900.145 ; gain = 0.000 ; free physical = 7352 ; free virtual = 19996
INFO: [Netlist 29-17] Analyzing 250 Unisim elements for replacement
INFO: [Netlist 29-28] Unisim Transformation completed in 0 CPU seconds
INFO: [Project 1-570] Preparing netlist for logic optimization
INFO: [Opt 31-138] Pushed 0 inverter(s) to 0 load pin(s).
Netlist sorting complete. Time (s): cpu = 00:00:00 ; elapsed = 00:00:00 . Memory (MB): peak = 2956.164 ; gain = 0.000 ; free physical = 7354 ; free virtual = 19997
INFO: [Project 1-111] Unisim Transformation Summary:
No Unisim elements were transformed.

Synth Design complete | Checksum: 7e4cefe6
INFO: [Common 17-83] Releasing license: Synthesis
38 Infos, 1 Warnings, 0 Critical Warnings and 0 Errors encountered.
synth_design completed successfully
synth_design: Time (s): cpu = 00:00:29 ; elapsed = 00:00:36 . Memory (MB): peak = 2956.199 ; gain = 1117.070 ; free physical = 7353 ; free virtual = 19997
INFO: [Common 17-2834] synth_design peak Physical Memory [PSS] (MB): overall = 1905.366; main = 1905.366; forked = 283.407
INFO: [Common 17-2834] synth_design peak Virtual Memory [VSS] (MB): overall = 4260.047; main = 2956.168; forked = 1586.742
Write ShapeDB Complete: Time (s): cpu = 00:00:00 ; elapsed = 00:00:00 . Memory (MB): peak = 2980.176 ; gain = 0.000 ; free physical = 7353 ; free virtual = 19997
INFO: [Common 17-1381] The checkpoint '/nfs/home/d/di_sinh/COEN316/Lab4/lab4_vivado/lab4_vivado.runs/synth_1/cpu.dcp' has been generated.
INFO: [Vivado 12-24828] Executing command : report_utilization -file cpu_utilization_synth.rpt -pb cpu_utilization_synth.pb
INFO: [Common 17-206] Exiting Vivado at Tue Apr 14 03:04:26 2026...
